LBRACE   "{" 1:1
STRING   ""name"" 1:2
COLON    ":" 1:8
STRING   ""buffalo!"" 1:10
COMMA    "," 1:20
STRING   ""quote"" 1:22
COLON    ":" 1:29
STRING   ""say \"hi\""" 1:31
COMMA    "," 1:43
STRING   ""esc"" 1:45
COLON    ":" 1:50
STRING   ""caf\u00e9"" 1:52
COMMA    "," 1:63
STRING   ""n"" 1:65
COLON    ":" 1:68
NUMBER   "-1.5e2" 1:70
COMMA    "," 1:76
STRING   ""ok"" 1:78
COLON    ":" 1:82
TRUE     "true" 1:84
COMMA    "," 1:88
STRING   ""bad"" 1:90
COLON    ":" 1:95
FALSE    "false" 1:97
COMMA    "," 1:102
STRING   ""z"" 1:104
COLON    ":" 1:107
NULL     "null" 1:109
COMMA    "," 1:113
STRING   ""list"" 1:115
COLON    ":" 1:121
LBRACKET "[" 1:123
NUMBER   "1" 1:124
COMMA    "," 1:125
NUMBER   "2" 1:127
COMMA    "," 1:128
NUMBER   "3" 1:130
RBRACKET "]" 1:131
RBRACE   "}" 1:132
ERROR    "@" 3:1
EOF      "" 4:1
